=== Starting AI Fraud Detection Pipeline ===\n
Generating Contextual Seeded Data...
Loading Kaggle dataset from /Users/dhrupadumesh/Dropbox/Dhrupad Umesh/Mac (2)/Documents/creditcard.csv...
Injecting Spatial/Categorical context around the real Kaggle 'amount' and 'is_fraud' labels...
Contextual Seed dataset contains 200000 rows. Saving to seeded_fraud_data.csv...
Done.
Adding Velocity features...
Adding Spatial features...
Adding Behavioral features...
Adding Velocity features...
Adding Spatial features...
Adding Behavioral features...
\nApplying SMOTE...
\n--- Training Supervised Model (Random Forest) ---
Training random_forest model on 319166 samples...
\n--- Training Unsupervised Model (Isolation Forest) ---
Training Isolation Forest on 159583 normal transactions for baseline...
\n--- Training Deep Learning Autoencoder ---
Training Autoencoder on mps...
Epoch 5/10, Loss: 0.049745
Epoch 10/10, Loss: 0.048192
Reconstruction Error 95th Percentile Threshold: 0.1584
\n=== Ensemble Evaluation ===
--- Evaluation Metrics ---
Precision: 0.0000
Recall: 0.0000
F1 Score: 0.0000
ROC-AUC: 0.9497
PR-AUC: 0.3759
--------------------------
\n=== Generating SHAP Explanations ===
Highest Risk Score: 58 for transaction 6602
Initialized SHAP TreeExplainer.
\n=== Saving Models to Disk ===
random_forest Model saved to saved_models/supervised_rf.pkl
Isolation Forest Model saved to saved_models/isolation_forest.pkl
Autoencoder saved to saved_models/autoencoder.pt
\nPipeline execution and export complete! Ready for real-time inference.

[2026-04-23 03:35:37 UTC] trigger=manual result=ERROR new_rows=60 | Retrain failed: Traceback (most recent call last):
  File "C:\Users\bhava\Documents\GitHub\AI-powered Financial Fraud-Detection-Anomaly-Analysis\src\api\bank_app.py", line 287, in _do_retrain_core
    combined.fillna

[2026-04-23 08:36:17 UTC] trigger=manual result=ERROR new_rows=74 | Retrain failed: Traceback (most recent call last):
  File "C:\Users\bhava\Documents\GitHub\AI-powered Financial Fraud-Detection-Anomaly-Analysis\src\api\bank_app.py", line 287, in _do_retrain_core
    combined.fillna
